<html>
<body>
<pre>
<h1>µVision Build Log</h1>
<h2>Tool Versions:</h2>
IDE-Version: µVision V5.37.0.0
Copyright (C) 2022 ARM Ltd and ARM Germany GmbH. All rights reserved.
License Information: Systems Engineering, Carleton University, LIC=----
 
Tool Versions:
Toolchain:       MDK-Lite  Version: 5.37.0.0
Toolchain Path:  C:\Keil_v5\ARM\ARM5.06u7\Bin
C Compiler:      Armcc.exe V5.06 update 7 (build 960)
Assembler:       Armasm.exe V5.06 update 7 (build 960)
Linker/Locator:  ArmLink.exe V5.06 update 7 (build 960)
Library Manager: ArmAr.exe V5.06 update 7 (build 960)
Hex Converter:   FromElf.exe V5.06 update 7 (build 960)
CPU DLL:         SARMCM3.DLL V5.37.0.0
Dialog DLL:      DCM.DLL V1.17.5.0
Target DLL:      CMSIS_AGDI.dll V1.33.12.0
Dialog DLL:      TCM.DLL V1.56.1.0
 
<h2>Project:</h2>
M:\SYSC 3310\LAB 4 REMASTERED\Lab4.uvprojx
Project File Date:  11/16/2023

<h2>Output:</h2>
*** Using Compiler 'V5.06 update 7 (build 960)', folder: 'C:\Keil_v5\ARM\ARM5.06u7\Bin'
Build target 'Target 1'
compiling main.c...
main.c(14): warning:  #1295-D: Deprecated declaration cycleColours - give arg types
  void cycleColours();
main.c(115): warning:  #111-D: statement is unreachable
  	return 0;
main.c(153): warning:  #1-D: last line of file ends without a newline
  }
main.c: 3 warnings, 0 errors
linking...
Program Size: Code=1312 RO-data=356 RW-data=32 ZI-data=608  
".\Objects\Lab4.axf" - 0 Error(s), 3 Warning(s).

<h2>Software Packages used:</h2>

Package Vendor: ARM
                http://www.keil.com/pack/ARM.CMSIS.5.9.0.pack
                ARM.CMSIS.5.9.0
                CMSIS (Common Microcontroller Software Interface Standard)
   * Component: CORE Version: 5.6.0

Package Vendor: TexasInstruments
                http://software-dl.ti.com/msp430/msp430_public_sw/mcu/msp430/msp432cmsis/latest/exports/TexasInstruments.MSP432P4xx_DFP.3.2.6.pack
                TexasInstruments.MSP432P4xx_DFP.3.2.6
                Device Family Pack for Texas Instruments SimpleLink(TM) MSP432 Series
   * Component: Startup Version: 3.2.2

<h2>Collection of Component include folders:</h2>
  ./RTE/_Target_1
  D:/Arm/Packs/ARM/CMSIS/5.9.0/CMSIS/Core/Include
  D:/Arm/Packs/TexasInstruments/MSP432P4xx_DFP/3.2.6/Device/Include

<h2>Collection of Component Files used:</h2>

   * Component: ARM::CMSIS:CORE:5.6.0

   * Component: TexasInstruments::Device:Startup:3.2.2
      Source file:   Examples/EmptyMain/main.c
      Include file:  Device/Include/msp_compatibility.h
      Source file:   Device/Source/startup_msp432p401r_uvision.s
      Source file:   Device/Source/system_msp432p401r.c
      Source file:   Examples/BlinkLED/blinkLED.c
Build Time Elapsed:  00:00:00
</pre>
</body>
</html>
